
> finance-app-frontend@1.0.0 build
> vite build

[36mvite v5.4.21 [32mbuilding for production...[36m[39m
transforming...
[32mΓ£ô[39m 17 modules transformed.
node.exe : [31mx[39m Build failed in 2.29s
At line:1 char:1
+ & "C:\Program Files\nodejs/node.exe" "C:\Users\sanja\AppData\Roaming\ ...
+ ~~~~~~~~~~~~~~~~~~~~~~~~~~~~~~~~~~~~~~~~~~~~~~~~~~~~~~~~~~~~~~~~~~~~~
    + CategoryInfo          : NotSpecified: ([31mx[39m Build failed in 2.29s:String) [], RemoteException
    + FullyQualifiedErrorId : NativeCommandError
 
[31merror during build:
[31m[vite:esbuild] Transform failed with 1 error:
C:/Users/sanja/.vscode/VSCODE_GITHUB/Finance_app/frontend/src/pages/Budgets.jsx:155:166: ERROR: Syntax error "`"[31m
file: [36mC:/Users/sanja/.vscode/VSCODE_GITHUB/Finance_app/frontend/src/pages/Budgets.jsx:155:166[31m
[33m
[33mSyntax error "`"[33m
153|  
154|                  <div className="w-full bg-[#0A0B0E] rounded border border-white/[0.04] h-1.5 mb-3 flex 
overflow-hidden relative z-10">
155|                    <div className={`${barColor} h-full transition-all duration-1000 ease-out ${safe ? 
'shadow-[0_0_10px_rgba(0,255,163,0.5)]' : ''}`} style={{ width: \`\${pct}%\` }} />
   |                                                                                                                   
                                                     ^
156|                  </div>
157|  
[31m
    at failureErrorWithLog 
(C:\Users\sanja\.vscode\VSCODE_GITHUB\Finance_app\frontend\node_modules\esbuild\lib\main.js:1472:15)
    at C:\Users\sanja\.vscode\VSCODE_GITHUB\Finance_app\frontend\node_modules\esbuild\lib\main.js:755:50
    at responseCallbacks.<computed> 
(C:\Users\sanja\.vscode\VSCODE_GITHUB\Finance_app\frontend\node_modules\esbuild\lib\main.js:622:9)
    at handleIncomingPacket 
(C:\Users\sanja\.vscode\VSCODE_GITHUB\Finance_app\frontend\node_modules\esbuild\lib\main.js:677:12)
    at Socket.readFromStdout 
(C:\Users\sanja\.vscode\VSCODE_GITHUB\Finance_app\frontend\node_modules\esbuild\lib\main.js:600:7)
    at Socket.emit (node:events:518:28)
    at addChunk (node:internal/streams/readable:561:12)
    at readableAddChunkPushByteMode (node:internal/streams/readable:512:3)
    at Readable.push (node:internal/streams/readable:392:5)
    at Pipe.onStreamRead (node:internal/stream_base_commons:189:23)[39m
